// Jest Snapshot v1, https://goo.gl/fbAQLP

exports[`Test FavoriteButton Should be render FavoriteButton 1`] = `
<button
  className="a-favorite-button"
  onClick={[Function]}
>
  <FaHeart
    className=" a-favorite__icon false"
  />
</button>
`;
