// Jest Snapshot v1, https://goo.gl/fbAQLP

exports[`Test RedirectPage Should be render RedirectPage 1`] = `""`;
